1790535594993:quit
1790535632437:help
1790535651556:help login
1790535663531:login -- admin
1790535765109:login
1790535841573:login -- admin
1790536013527:quit
1790536038161:login -- admin
1790536096512:quit
1790536124080:login -- admin
1790536348178:quit
1790536404515:login -- client
1790536412809:login -- admin
1790536577509:quit
1790536611161:payment refund -- 2
1790536638804:login -- admin
1790536644119:payment refund -- 2
1790536705100:quit
1790536802449:payment refund -- 2
1790536805118:login -- admin
1790536810184:payment refund -- 2
1790537189995:login -- admin
1790537620035:quit
1790537645796:logout
1790537664643:login -- admin
1790537700820:quit
1790537747587:logout
1790537763888:login
1790537774158:login -- admin
1790537780334:login
1790537786753:logout
1790537800562:payment refund -- 1
1790537805712:login -- admin
1790537808678:payment refund -- 1
1790537814514:login -- admin
1790537817916:logout
1790537821280:quit
1790538838929:login -- admin
1790538847388:payment refund -- 1
1790539200531:login
1790539207805:logout
1790539213781:payment refund -- 1
1790539221362:login -- admin
1790539246555:payment refund -- 1
1790539259162:logout
1790539263263:payment refund -- 1
